Archive member included to satisfy reference by file (symbol)

C:/ST/STM32CubeIDE_1.14.1/STM32CubeIDE/plugins/com.st.stm32cube.ide.mcu.externaltools.gnu-tools-for-stm32.12.3.rel1.win32_1.1.0.202410251130/tools/bin/../lib/gcc/arm-none-eabi/12.3.1/../../../../arm-none-eabi/lib/thumb/v7e-m+fp/hard\libc_nano.a(libc_a-exit.o)
                              C:/ST/STM32CubeIDE_1.14.1/STM32CubeIDE/plugins/com.st.stm32cube.ide.mcu.externaltools.gnu-tools-for-stm32.12.3.rel1.win32_1.1.0.202410251130/tools/bin/../lib/gcc/arm-none-eabi/12.3.1/../../../../arm-none-eabi/lib/thumb/v7e-m+fp/hard/crt0.o (exit)
C:/ST/STM32CubeIDE_1.14.1/STM32CubeIDE/plugins/com.st.stm32cube.ide.mcu.externaltools.gnu-tools-for-stm32.12.3.rel1.win32_1.1.0.202410251130/tools/bin/../lib/gcc/arm-none-eabi/12.3.1/../../../../arm-none-eabi/lib/thumb/v7e-m+fp/hard\libc_nano.a(libc_a-findfp.o)
                              C:/ST/STM32CubeIDE_1.14.1/STM32CubeIDE/plugins/com.st.stm32cube.ide.mcu.externaltools.gnu-tools-for-stm32.12.3.rel1.win32_1.1.0.202410251130/tools/bin/../lib/gcc/arm-none-eabi/12.3.1/../../../../arm-none-eabi/lib/thumb/v7e-m+fp/hard\libc_nano.a(libc_a-exit.o) (__stdio_exit_handler)
C:/ST/STM32CubeIDE_1.14.1/STM32CubeIDE/plugins/com.st.stm32cube.ide.mcu.externaltools.gnu-tools-for-stm32.12.3.rel1.win32_1.1.0.202410251130/tools/bin/../lib/gcc/arm-none-eabi/12.3.1/../../../../arm-none-eabi/lib/thumb/v7e-m+fp/hard\libc_nano.a(libc_a-fwalk.o)
                              C:/ST/STM32CubeIDE_1.14.1/STM32CubeIDE/plugins/com.st.stm32cube.ide.mcu.externaltools.gnu-tools-for-stm32.12.3.rel1.win32_1.1.0.202410251130/tools/bin/../lib/gcc/arm-none-eabi/12.3.1/../../../../arm-none-eabi/lib/thumb/v7e-m+fp/hard\libc_nano.a(libc_a-findfp.o) (_fwalk_sglue)
C:/ST/STM32CubeIDE_1.14.1/STM32CubeIDE/plugins/com.st.stm32cube.ide.mcu.externaltools.gnu-tools-for-stm32.12.3.rel1.win32_1.1.0.202410251130/tools/bin/../lib/gcc/arm-none-eabi/12.3.1/../../../../arm-none-eabi/lib/thumb/v7e-m+fp/hard\libc_nano.a(libc_a-stdio.o)
                              C:/ST/STM32CubeIDE_1.14.1/STM32CubeIDE/plugins/com.st.stm32cube.ide.mcu.externaltools.gnu-tools-for-stm32.12.3.rel1.win32_1.1.0.202410251130/tools/bin/../lib/gcc/arm-none-eabi/12.3.1/../../../../arm-none-eabi/lib/thumb/v7e-m+fp/hard\libc_nano.a(libc_a-findfp.o) (__sread)
C:/ST/STM32CubeIDE_1.14.1/STM32CubeIDE/plugins/com.st.stm32cube.ide.mcu.externaltools.gnu-tools-for-stm32.12.3.rel1.win32_1.1.0.202410251130/tools/bin/../lib/gcc/arm-none-eabi/12.3.1/../../../../arm-none-eabi/lib/thumb/v7e-m+fp/hard\libc_nano.a(libc_a-memset.o)
                              C:/ST/STM32CubeIDE_1.14.1/STM32CubeIDE/plugins/com.st.stm32cube.ide.mcu.externaltools.gnu-tools-for-stm32.12.3.rel1.win32_1.1.0.202410251130/tools/bin/../lib/gcc/arm-none-eabi/12.3.1/../../../../arm-none-eabi/lib/thumb/v7e-m+fp/hard/crt0.o (memset)
C:/ST/STM32CubeIDE_1.14.1/STM32CubeIDE/plugins/com.st.stm32cube.ide.mcu.externaltools.gnu-tools-for-stm32.12.3.rel1.win32_1.1.0.202410251130/tools/bin/../lib/gcc/arm-none-eabi/12.3.1/../../../../arm-none-eabi/lib/thumb/v7e-m+fp/hard\libc_nano.a(libc_a-closer.o)
                              C:/ST/STM32CubeIDE_1.14.1/STM32CubeIDE/plugins/com.st.stm32cube.ide.mcu.externaltools.gnu-tools-for-stm32.12.3.rel1.win32_1.1.0.202410251130/tools/bin/../lib/gcc/arm-none-eabi/12.3.1/../../../../arm-none-eabi/lib/thumb/v7e-m+fp/hard\libc_nano.a(libc_a-stdio.o) (_close_r)
C:/ST/STM32CubeIDE_1.14.1/STM32CubeIDE/plugins/com.st.stm32cube.ide.mcu.externaltools.gnu-tools-for-stm32.12.3.rel1.win32_1.1.0.202410251130/tools/bin/../lib/gcc/arm-none-eabi/12.3.1/../../../../arm-none-eabi/lib/thumb/v7e-m+fp/hard\libc_nano.a(libc_a-reent.o)
                              C:/ST/STM32CubeIDE_1.14.1/STM32CubeIDE/plugins/com.st.stm32cube.ide.mcu.externaltools.gnu-tools-for-stm32.12.3.rel1.win32_1.1.0.202410251130/tools/bin/../lib/gcc/arm-none-eabi/12.3.1/../../../../arm-none-eabi/lib/thumb/v7e-m+fp/hard\libc_nano.a(libc_a-closer.o) (errno)
C:/ST/STM32CubeIDE_1.14.1/STM32CubeIDE/plugins/com.st.stm32cube.ide.mcu.externaltools.gnu-tools-for-stm32.12.3.rel1.win32_1.1.0.202410251130/tools/bin/../lib/gcc/arm-none-eabi/12.3.1/../../../../arm-none-eabi/lib/thumb/v7e-m+fp/hard\libc_nano.a(libc_a-impure.o)
                              C:/ST/STM32CubeIDE_1.14.1/STM32CubeIDE/plugins/com.st.stm32cube.ide.mcu.externaltools.gnu-tools-for-stm32.12.3.rel1.win32_1.1.0.202410251130/tools/bin/../lib/gcc/arm-none-eabi/12.3.1/../../../../arm-none-eabi/lib/thumb/v7e-m+fp/hard\libc_nano.a(libc_a-reent.o) (_impure_ptr)
C:/ST/STM32CubeIDE_1.14.1/STM32CubeIDE/plugins/com.st.stm32cube.ide.mcu.externaltools.gnu-tools-for-stm32.12.3.rel1.win32_1.1.0.202410251130/tools/bin/../lib/gcc/arm-none-eabi/12.3.1/../../../../arm-none-eabi/lib/thumb/v7e-m+fp/hard\libc_nano.a(libc_a-lseekr.o)
[...]
Memory Configuration

Name             Origin             Length             Attributes
RAM              0x20000000         0x00018000         xrw
RAM2             0x10000000         0x00008000         xrw
FLASH            0x08000000         0x00100000         xr
*default*        0x00000000         0xffffffff

Linker script and memory map

LOAD C:/ST/STM32CubeIDE_1.14.1/STM32CubeIDE/plugins/com.st.stm32cube.ide.mcu.externaltools.gnu-tools-for-stm32.12.3.rel1.win32_1.1.0.202410251130/tools/bin/../lib/gcc/arm-none-eabi/12.3.1/thumb/v7e-m+fp/hard/crti.o
LOAD C:/ST/STM32CubeIDE_1.14.1/STM32CubeIDE/plugins/com.st.stm32cube.ide.mcu.externaltools.gnu-tools-for-stm32.12.3.rel1.win32_1.1.0.202410251130/tools/bin/../lib/gcc/arm-none-eabi/12.3.1/thumb/v7e-m+fp/hard/crtbegin.o
LOAD C:/ST/STM32CubeIDE_1.14.1/STM32CubeIDE/plugins/com.st.stm32cube.ide.mcu.externaltools.gnu-tools-for-stm32.12.3.rel1.win32_1.1.0.202410251130/tools/bin/../lib/gcc/arm-none-eabi/12.3.1/../../../../arm-none-eabi/lib/thumb/v7e-m+fp/hard/crt0.o
LOAD ./Core/Src/main.o
LOAD ./Core/Src/stm32l4xx_hal_msp.o
LOAD ./Core/Src/stm32l4xx_it.o
LOAD ./Core/Src/syscalls.o
LOAD ./Core/Src/sysmem.o
LOAD ./Core/Src/system_stm32l4xx.o
LOAD ./Core/Startup/startup_stm32l476rgtx.o
LOAD ./Drivers/STM32L4xx_HAL_Driver/Src/stm32l4xx_hal.o
LOAD ./Drivers/STM32L4xx_HAL_Driver/Src/stm32l4xx_hal_cortex.o
LOAD ./Drivers/STM32L4xx_HAL_Driver/Src/stm32l4xx_hal_dma.o
LOAD ./Drivers/STM32L4xx_HAL_Driver/Src/stm32l4xx_hal_dma_ex.o
LOAD ./Drivers/STM32L4xx_HAL_Driver/Src/stm32l4xx_hal_exti.o
LOAD ./Drivers/STM32L4xx_HAL_Driver/Src/stm32l4xx_hal_flash.o
LOAD ./Drivers/STM32L4xx_HAL_Driver/Src/stm32l4xx_hal_flash_ex.o
LOAD ./Drivers/STM32L4xx_HAL_Driver/Src/stm32l4xx_hal_flash_ramfunc.o
LOAD ./Drivers/STM32L4xx_HAL_Driver/Src/stm32l4xx_hal_gpio.o
LOAD ./Drivers/STM32L4xx_HAL_Driver/Src/stm32l4xx_hal_i2c.o
LOAD ./Drivers/STM32L4xx_HAL_Driver/Src/stm32l4xx_hal_i2c_ex.o
LOAD ./Drivers/STM32L4xx_HAL_Driver/Src/stm32l4xx_hal_pwr.o
LOAD ./Drivers/STM32L4xx_HAL_Driver/Src/stm32l4xx_hal_pwr_ex.o
LOAD ./Drivers/STM32L4xx_HAL_Driver/Src/stm32l4xx_hal_rcc.o
LOAD ./Drivers/STM32L4xx_HAL_Driver/Src/stm32l4xx_hal_rcc_ex.o
LOAD ./Drivers/STM32L4xx_HAL_Driver/Src/stm32l4xx_hal_tim.o
LOAD ./Drivers/STM32L4xx_HAL_Driver/Src/stm32l4xx_hal_tim_ex.o
LOAD ./Drivers/STM32L4xx_HAL_Driver/Src/stm32l4xx_hal_uart.o
LOAD ./Drivers/STM32L4xx_HAL_Driver/Src/stm32l4xx_hal_uart_ex.o
START GROUP
LOAD C:/ST/STM32CubeIDE_1.14.1/STM32CubeIDE/plugins/com.st.stm32cube.ide.mcu.externaltools.gnu-tools-for-stm32.12.3.rel1.win32_1.1.0.202410251130/tools/bin/../lib/gcc/arm-none-eabi/12.3.1/../../../../arm-none-eabi/lib/thumb/v7e-m+fp/hard\libc_nano.a
LOAD C:/ST/STM32CubeIDE_1.14.1/STM32CubeIDE/plugins/com.st.stm32cube.ide.mcu.externaltools.gnu-tools-for-stm32.12.3.rel1.win32_1.1.0.202410251130/tools/bin/../lib/gcc/arm-none-eabi/12.3.1/../../../../arm-none-eabi/lib/thumb/v7e-m+fp/hard\libm.a
END GROUP
START GROUP
LOAD C:/ST/STM32CubeIDE_1.14.1/STM32CubeIDE/plugins/com.st.stm32cube.ide.mcu.externaltools.gnu-tools-for-stm32.12.3.rel1.win32_1.1.0.202410251130/tools/bin/../lib/gcc/arm-none-eabi/12.3.1/thumb/v7e-m+fp/hard\libgcc.a
LOAD C:/ST/STM32CubeIDE_1.14.1/STM32CubeIDE/plugins/com.st.stm32cube.ide.mcu.externaltools.gnu-tools-for-stm32.12.3.rel1.win32_1.1.0.202410251130/tools/bin/../lib/gcc/arm-none-eabi/12.3.1/../../../../arm-none-eabi/lib/thumb/v7e-m+fp/hard\libc_nano.a
END GROUP
START GROUP
LOAD C:/ST/STM32CubeIDE_1.14.1/STM32CubeIDE/plugins/com.st.stm32cube.ide.mcu.externaltools.gnu-tools-for-stm32.12.3.rel1.win32_1.1.0.202410251130/tools/bin/../lib/gcc/arm-none-eabi/12.3.1/thumb/v7e-m+fp/hard\libgcc.a
LOAD C:/ST/STM32CubeIDE_1.14.1/STM32CubeIDE/plugins/com.st.stm32cube.ide.mcu.externaltools.gnu-tools-for-stm32.12.3.rel1.win32_1.1.0.202410251130/tools/bin/../lib/gcc/arm-none-eabi/12.3.1/../../../../arm-none-eabi/lib/thumb/v7e-m+fp/hard\libc_nano.a
LOAD C:/ST/STM32CubeIDE_1.14.1/STM32CubeIDE/plugins/com.st.stm32cube.ide.mcu.externaltools.gnu-tools-for-stm32.12.3.rel1.win32_1.1.0.202410251130/tools/bin/../lib/gcc/arm-none-eabi/12.3.1/../../../../arm-none-eabi/lib/thumb/v7e-m+fp/hard\libnosys.a
END GROUP
START GROUP
LOAD C:/ST/STM32CubeIDE_1.14.1/STM32CubeIDE/plugins/com.st.stm32cube.ide.mcu.externaltools.gnu-tools-for-stm32.12.3.rel1.win32_1.1.0.202410251130/tools/bin/../lib/gcc/arm-none-eabi/12.3.1/thumb/v7e-m+fp/hard\libgcc.a
LOAD C:/ST/STM32CubeIDE_1.14.1/STM32CubeIDE/plugins/com.st.stm32cube.ide.mcu.externaltools.gnu-tools-for-stm32.12.3.rel1.win32_1.1.0.202410251130/tools/bin/../lib/gcc/arm-none-eabi/12.3.1/../../../../arm-none-eabi/lib/thumb/v7e-m+fp/hard\libc_nano.a
LOAD C:/ST/STM32CubeIDE_1.14.1/STM32CubeIDE/plugins/com.st.stm32cube.ide.mcu.externaltools.gnu-tools-for-stm32.12.3.rel1.win32_1.1.0.202410251130/tools/bin/../lib/gcc/arm-none-eabi/12.3.1/../../../../arm-none-eabi/lib/thumb/v7e-m+fp/hard\libnosys.a
END GROUP
LOAD C:/ST/STM32CubeIDE_1.14.1/STM32CubeIDE/plugins/com.st.stm32cube.ide.mcu.externaltools.gnu-tools-for-stm32.12.3.rel1.win32_1.1.0.202410251130/tools/bin/../lib/gcc/arm-none-eabi/12.3.1/thumb/v7e-m+fp/hard/crtend.o
LOAD C:/ST/STM32CubeIDE_1.14.1/STM32CubeIDE/plugins/com.st.stm32cube.ide.mcu.externaltools.gnu-tools-for-stm32.12.3.rel1.win32_1.1.0.202410251130/tools/bin/../lib/gcc/arm-none-eabi/12.3.1/thumb/v7e-m+fp/hard/crtn.o
                0x20018000                        _estack = (ORIGIN (RAM) + LENGTH (RAM))
                0x00000200                        _Min_Heap_Size = 0x200
                0x00000400                        _Min_Stack_Size = 0x400

.isr_vector     0x08000000      0x188
                0x08000000                        . = ALIGN (0x4)
 *(.isr_vector)
 .isr_vector    0x08000000      0x188 ./Core/Startup/startup_stm32l476rgtx.o
                0x08000000                g_pfnVectors
                0x08000188                        . = ALIGN (0x4)

.text           0x08000188     0x3314
                0x08000188                        . = ALIGN (0x4)
 *(.text)
 .text          0x08000188       0x40 C:/ST/STM32CubeIDE_1.14.1/STM32CubeIDE/plugins/com.st.stm32cube.ide.mcu.externaltools.gnu-tools-for-stm32.12.3.rel1.win32_1.1.0.202410251130/tools/bin/../lib/gcc/arm-none-eabi/12.3.1/thumb/v7e-m+fp/hard/crtbegin.o
 .text          0x080001c8       0x30 C:/ST/STM32CubeIDE_1.14.1/STM32CubeIDE/plugins/com.st.stm32cube.ide.mcu.externaltools.gnu-tools-for-stm32.12.3.rel1.win32_1.1.0.202410251130/tools/bin/../lib/gcc/arm-none-eabi/12.3.1/thumb/v7e-m+fp/hard\libgcc.a(_aeabi_uldivmod.o)
                0x080001c8                __aeabi_uldivmod
 .text          0x080001f8      0x2bc C:/ST/STM32CubeIDE_1.14.1/STM32CubeIDE/plugins/com.st.stm32cube.ide.mcu.externaltools.gnu-tools-for-stm32.12.3.rel1.win32_1.1.0.202410251130/tools/bin/../lib/gcc/arm-none-eabi/12.3.1/thumb/v7e-m+fp/hard\libgcc.a(_udivmoddi4.o)
                0x080001f8                __udivmoddi4
 .text          0x080004b4        0x4 C:/ST/STM32CubeIDE_1.14.1/STM32CubeIDE/plugins/com.st.stm32cube.ide.mcu.externaltools.gnu-tools-for-stm32.12.3.rel1.win32_1.1.0.202410251130/tools/bin/../lib/gcc/arm-none-eabi/12.3.1/thumb/v7e-m+fp/hard\libgcc.a(_dvmd_tls.o)
                0x080004b4                __aeabi_idiv0
                0x080004b4                __aeabi_ldiv0
 *(.text*)
 .text.main     0x080004b8       0x30 ./Core/Src/main.o
                0x080004b8                main
 .text.SystemClock_Config
                0x080004e8       0xa2 ./Core/Src/main.o
                0x080004e8                SystemClock_Config
 *fill*         0x0800058a        0x2 
 .text.MX_I2C1_Init
                0x0800058c       0x80 ./Core/Src/main.o
 .text.MX_USART2_UART_Init
                0x0800060c       0x60 ./Core/Src/main.o
 .text.MX_GPIO_Init
                0x0800066c      0x174 ./Core/Src/main.o
 .text.Error_Handler
                0x080007e0        0xc ./Core/Src/main.o
                0x080007e0                Error_Handler
 .text.HAL_MspInit
                0x080007ec       0x48 ./Core/Src/stm32l4xx_hal_msp.o
                0x080007ec                HAL_MspInit
 .text.HAL_I2C_MspInit
                0x08000834       0xbc ./Core/Src/stm32l4xx_hal_msp.o
                0x08000834                HAL_I2C_MspInit
 .text.HAL_UART_MspInit
                0x080008f0       0xb8 ./Core/Src/stm32l4xx_hal_msp.o
                0x080008f0                HAL_UART_MspInit
 .text.NMI_Handler
                0x080009a8        0x8 ./Core/Src/stm32l4xx_it.o
                0x080009a8                NMI_Handler
 .text.HardFault_Handler
                0x080009b0        0x8 ./Core/Src/stm32l4xx_it.o
                0x080009b0                HardFault_Handler
 .text.MemManage_Handler
                0x080009b8        0x8 ./Core/Src/stm32l4xx_it.o
                0x080009b8                MemManage_Handler
 .text.BusFault_Handler
                0x080009c0        0x8 ./Core/Src/stm32l4xx_it.o
                0x080009c0                BusFault_Handler
 .text.UsageFault_Handler
                0x080009c8        0x8 ./Core/Src/stm32l4xx_it.o
                0x080009c8                UsageFault_Handler
 .text.SVC_Handler
                0x080009d0        0xe ./Core/Src/stm32l4xx_it.o
                0x080009d0                SVC_Handler
 .text.DebugMon_Handler
                0x080009de        0xe ./Core/Src/stm32l4xx_it.o
                0x080009de                DebugMon_Handler
 .text.PendSV_Handler
                0x080009ec        0xe ./Core/Src/stm32l4xx_it.o
                0x080009ec                PendSV_Handler
 .text.SysTick_Handler
                0x080009fa        0xc ./Core/Src/stm32l4xx_it.o
                0x080009fa                SysTick_Handler
 *fill*         0x08000a06        0x2 
 .text.SystemInit
                0x08000a08       0x24 ./Core/Src/system_stm32l4xx.o
                0x08000a08                SystemInit
 .text.Reset_Handler
                0x08000a2c       0x50 ./Core/Startup/startup_stm32l476rgtx.o
                0x08000a2c                Reset_Handler
 .text.Default_Handler
                0x08000a7c        0x2 ./Core/Startup/startup_stm32l476rgtx.o
                0x08000a7c                RTC_Alarm_IRQHandler
                0x08000a7c                EXTI2_IRQHandler
                0x08000a7c                TIM8_TRG_COM_IRQHandler
                0x08000a7c                TIM8_CC_IRQHandler
                0x08000a7c                TIM1_CC_IRQHandler
                0x08000a7c                TSC_IRQHandler
                0x08000a7c                TAMP_STAMP_IRQHandler
                0x08000a7c                EXTI3_IRQHandler
                0x08000a7c                LPTIM2_IRQHandler
                0x08000a7c                DFSDM1_FLT1_IRQHandler
                0x08000a7c                I2C3_ER_IRQHandler
                0x08000a7c                DFSDM1_FLT2_IRQHandler
                0x08000a7c                EXTI0_IRQHandler
                0x08000a7c                I2C2_EV_IRQHandler
                0x08000a7c                CAN1_RX0_IRQHandler
                0x08000a7c                FPU_IRQHandler
                0x08000a7c                TIM1_UP_TIM16_IRQHandler
                0x08000a7c                ADC1_2_IRQHandler
                0x08000a7c                SPI1_IRQHandler
                0x08000a7c                TIM6_DAC_IRQHandler
                0x08000a7c                TIM8_UP_IRQHandler
                0x08000a7c                DMA2_Channel2_IRQHandler
                0x08000a7c                DMA1_Channel4_IRQHandler
                0x08000a7c                SAI2_IRQHandler
                0x08000a7c                DFSDM1_FLT3_IRQHandler
                0x08000a7c                USART3_IRQHandler
                0x08000a7c                DMA1_Channel7_IRQHandler
                0x08000a7c                CAN1_RX1_IRQHandler
                0x08000a7c                LCD_IRQHandler
                0x08000a7c                UART5_IRQHandler
                0x08000a7c                ADC3_IRQHandler
                0x08000a7c                TIM4_IRQHandler
                0x08000a7c                DMA2_Channel1_IRQHandler
                0x08000a7c                QUADSPI_IRQHandler
                0x08000a7c                I2C1_EV_IRQHandler
                0x08000a7c                DMA1_Channel6_IRQHandler
                0x08000a7c                UART4_IRQHandler
                0x08000a7c                DMA2_Channel4_IRQHandler
                0x08000a7c                TIM3_IRQHandler
                0x08000a7c                RCC_IRQHandler
                0x08000a7c                DMA1_Channel1_IRQHandler
                0x08000a7c                Default_Handler
                0x08000a7c                DMA2_Channel7_IRQHandler
                0x08000a7c                EXTI15_10_IRQHandler
                0x08000a7c                TIM7_IRQHandler
                0x08000a7c                SDMMC1_IRQHandler
                0x08000a7c                TIM5_IRQHandler
                0x08000a7c                I2C3_EV_IRQHandler
                0x08000a7c                EXTI9_5_IRQHandler
                0x08000a7c                RTC_WKUP_IRQHandler
                0x08000a7c                PVD_PVM_IRQHandler
                0x08000a7c                SPI2_IRQHandler
                0x08000a7c                CAN1_TX_IRQHandler
                0x08000a7c                DMA2_Channel5_IRQHandler
                0x08000a7c                DMA1_Channel5_IRQHandler
                0x08000a7c                EXTI4_IRQHandler
                0x08000a7c                RNG_IRQHandler
                0x08000a7c                TIM1_TRG_COM_TIM17_IRQHandler
                0x08000a7c                DMA1_Channel3_IRQHandler
                0x08000a7c                COMP_IRQHandler
                0x08000a7c                WWDG_IRQHandler
                0x08000a7c                LPUART1_IRQHandler
                0x08000a7c                DMA2_Channel6_IRQHandler
                0x08000a7c                TIM2_IRQHandler
                0x08000a7c                EXTI1_IRQHandler
                0x08000a7c                USART2_IRQHandler
                0x08000a7c                DFSDM1_FLT0_IRQHandler
                0x08000a7c                I2C2_ER_IRQHandler
                0x08000a7c                DMA1_Channel2_IRQHandler
                0x08000a7c                TIM8_BRK_IRQHandler
                0x08000a7c                CAN1_SCE_IRQHandler
                0x08000a7c                FLASH_IRQHandler
                0x08000a7c                USART1_IRQHandler
                0x08000a7c                OTG_FS_IRQHandler
                0x08000a7c                SPI3_IRQHandler
                0x08000a7c                I2C1_ER_IRQHandler
                0x08000a7c                FMC_IRQHandler
                0x08000a7c                SWPMI1_IRQHandler
                0x08000a7c                LPTIM1_IRQHandler
                0x08000a7c                SAI1_IRQHandler
                0x08000a7c                DMA2_Channel3_IRQHandler
                0x08000a7c                TIM1_BRK_TIM15_IRQHandler
 *fill*         0x08000a7e        0x2 
 .text.HAL_Init
                0x08000a80       0x40 ./Drivers/STM32L4xx_HAL_Driver/Src/stm32l4xx_hal.o
                0x08000a80                HAL_Init
 .text.HAL_InitTick
                0x08000ac0       0x78 ./Drivers/STM32L4xx_HAL_Driver/Src/stm32l4xx_hal.o
                0x08000ac0                HAL_InitTick
 .text.HAL_IncTick
                0x08000b38       0x28 ./Drivers/STM32L4xx_HAL_Driver/Src/stm32l4xx_hal.o
                0x08000b38                HAL_IncTick
 .text.HAL_GetTick
                0x08000b60       0x18 ./Drivers/STM32L4xx_HAL_Driver/Src/stm32l4xx_hal.o
                0x08000b60                HAL_GetTick
 .text.HAL_Delay
                0x08000b78       0x48 ./Drivers/STM32L4xx_HAL_Driver/Src/stm32l4xx_hal.o
                0x08000b78                HAL_Delay
 .text.__NVIC_SetPriorityGrouping
                0x08000bc0       0x48 ./Drivers/STM32L4xx_HAL_Driver/Src/stm32l4xx_hal_cortex.o
 .text.__NVIC_GetPriorityGrouping
                0x08000c08       0x1c ./Drivers/STM32L4xx_HAL_Driver/Src/stm32l4xx_hal_cortex.o
 .text.__NVIC_SetPriority
                0x08000c24       0x54 ./Drivers/STM32L4xx_HAL_Driver/Src/stm32l4xx_hal_cortex.o
 .text.NVIC_EncodePriority
                0x08000c78       0x66 ./Drivers/STM32L4xx_HAL_Driver/Src/stm32l4xx_hal_cortex.o
 *fill*         0x08000cde        0x2 
 .text.SysTick_Config
                0x08000ce0       0x44 ./Drivers/STM32L4xx_HAL_Driver/Src/stm32l4xx_hal_cortex.o
 .text.HAL_NVIC_SetPriorityGrouping
                0x08000d24       0x16 ./Drivers/STM32L4xx_HAL_Driver/Src/stm32l4xx_hal_cortex.o
                0x08000d24                HAL_NVIC_SetPriorityGrouping
 .text.HAL_NVIC_SetPriority
                0x08000d3a       0x38 ./Drivers/STM32L4xx_HAL_Driver/Src/stm32l4xx_hal_cortex.o
                0x08000d3a                HAL_NVIC_SetPriority
 .text.HAL_SYSTICK_Config
                0x08000d72       0x18 ./Drivers/STM32L4xx_HAL_Driver/Src/stm32l4xx_hal_cortex.o
                0x08000d72                HAL_SYSTICK_Config
 *fill*         0x08000d8a        0x2 
 .text.HAL_GPIO_Init
                0x08000d8c      0x354 ./Drivers/STM32L4xx_HAL_Driver/Src/stm32l4xx_hal_gpio.o
                0x08000d8c                HAL_GPIO_Init
 .text.HAL_GPIO_WritePin
                0x080010e0       0x30 ./Drivers/STM32L4xx_HAL_Driver/Src/stm32l4xx_hal_gpio.o
                0x080010e0                HAL_GPIO_WritePin
 .text.HAL_GPIO_TogglePin
                0x08001110       0x34 ./Drivers/STM32L4xx_HAL_Driver/Src/stm32l4xx_hal_gpio.o
                0x08001110                HAL_GPIO_TogglePin
 .text.HAL_I2C_Init
                0x08001144      0x136 ./Drivers/STM32L4xx_HAL_Driver/Src/stm32l4xx_hal_i2c.o
                0x08001144                HAL_I2C_Init
 .text.HAL_I2CEx_ConfigAnalogFilter
                0x0800127a       0x96 ./Drivers/STM32L4xx_HAL_Driver/Src/stm32l4xx_hal_i2c_ex.o
                0x0800127a                HAL_I2CEx_ConfigAnalogFilter
 .text.HAL_I2CEx_ConfigDigitalFilter
                0x08001310       0x98 ./Drivers/STM32L4xx_HAL_Driver/Src/stm32l4xx_hal_i2c_ex.o
                0x08001310                HAL_I2CEx_ConfigDigitalFilter
 .text.HAL_PWREx_GetVoltageRange
                0x080013a8       0x1c ./Drivers/STM32L4xx_HAL_Driver/Src/stm32l4xx_hal_pwr_ex.o
                0x080013a8                HAL_PWREx_GetVoltageRange
 .text.HAL_PWREx_ControlVoltageScaling
                0x080013c4       0xac ./Drivers/STM32L4xx_HAL_Driver/Src/stm32l4xx_hal_pwr_ex.o
                0x080013c4                HAL_PWREx_ControlVoltageScaling
 .text.HAL_RCC_OscConfig
                0x08001470      0x7b8 ./Drivers/STM32L4xx_HAL_Driver/Src/stm32l4xx_hal_rcc.o
                0x08001470                HAL_RCC_OscConfig
 .text.HAL_RCC_ClockConfig
                0x08001c28      0x200 ./Drivers/STM32L4xx_HAL_Driver/Src/stm32l4xx_hal_rcc.o
                0x08001c28                HAL_RCC_ClockConfig
 .text.HAL_RCC_GetSysClockFreq
                0x08001e28      0x118 ./Drivers/STM32L4xx_HAL_Driver/Src/stm32l4xx_hal_rcc.o
                0x08001e28                HAL_RCC_GetSysClockFreq
 .text.HAL_RCC_GetHCLKFreq
                0x08001f40       0x18 ./Drivers/STM32L4xx_HAL_Driver/Src/stm32l4xx_hal_rcc.o
                0x08001f40                HAL_RCC_GetHCLKFreq
 .text.HAL_RCC_GetPCLK1Freq
                0x08001f58       0x2c ./Drivers/STM32L4xx_HAL_Driver/Src/stm32l4xx_hal_rcc.o
                0x08001f58                HAL_RCC_GetPCLK1Freq
 .text.HAL_RCC_GetPCLK2Freq
                0x08001f84       0x2c ./Drivers/STM32L4xx_HAL_Driver/Src/stm32l4xx_hal_rcc.o
                0x08001f84                HAL_RCC_GetPCLK2Freq
 .text.RCC_SetFlashLatencyFromMSIRange
                0x08001fb0       0xc0 ./Drivers/STM32L4xx_HAL_Driver/Src/stm32l4xx_hal_rcc.o
 .text.HAL_RCCEx_PeriphCLKConfig
                0x08002070      0x5d4 ./Drivers/STM32L4xx_HAL_Driver/Src/stm32l4xx_hal_rcc_ex.o
                0x08002070                HAL_RCCEx_PeriphCLKConfig
 .text.RCCEx_PLLSAI1_Config
                0x08002644      0x1e8 ./Drivers/STM32L4xx_HAL_Driver/Src/stm32l4xx_hal_rcc_ex.o
 .text.RCCEx_PLLSAI2_Config
                0x0800282c      0x1bc ./Drivers/STM32L4xx_HAL_Driver/Src/stm32l4xx_hal_rcc_ex.o
 .text.HAL_UART_Init
                0x080029e8       0x9c ./Drivers/STM32L4xx_HAL_Driver/Src/stm32l4xx_hal_uart.o
                0x080029e8                HAL_UART_Init
 .text.UART_SetConfig
                0x08002a84      0x570 ./Drivers/STM32L4xx_HAL_Driver/Src/stm32l4xx_hal_uart.o
                0x08002a84                UART_SetConfig
 .text.UART_AdvFeatureConfig
                0x08002ff4      0x144 ./Drivers/STM32L4xx_HAL_Driver/Src/stm32l4xx_hal_uart.o
                0x08002ff4                UART_AdvFeatureConfig
 .text.UART_CheckIdleState
                0x08003138      0x150 ./Drivers/STM32L4xx_HAL_Driver/Src/stm32l4xx_hal_uart.o
                0x08003138                UART_CheckIdleState
 .text.UART_WaitOnFlagUntilTimeout
                0x08003288       0xda ./Drivers/STM32L4xx_HAL_Driver/Src/stm32l4xx_hal_uart.o
                0x08003288                UART_WaitOnFlagUntilTimeout
 .text.UART_EndRxTransfer
                0x08003362       0xc8 ./Drivers/STM32L4xx_HAL_Driver/Src/stm32l4xx_hal_uart.o
 .text.memset   0x0800342a       0x10 C:/ST/STM32CubeIDE_1.14.1/STM32CubeIDE/plugins/com.st.stm32cube.ide.mcu.externaltools.gnu-tools-for-stm32.12.3.rel1.win32_1.1.0.202410251130/tools/bin/../lib/gcc/arm-none-eabi/12.3.1/../../../../arm-none-eabi/lib/thumb/v7e-m+fp/hard\libc_nano.a(libc_a-memset.o)
                0x0800342a                memset
 *fill*         0x0800343a        0x2 
 .text.__libc_init_array
                0x0800343c       0x48 C:/ST/STM32CubeIDE_1.14.1/STM32CubeIDE/plugins/com.st.stm32cube.ide.mcu.externaltools.gnu-tools-for-stm32.12.3.rel1.win32_1.1.0.202410251130/tools/bin/../lib/gcc/arm-none-eabi/12.3.1/../../../../arm-none-eabi/lib/thumb/v7e-m+fp/hard\libc_nano.a(libc_a-init.o)
                0x0800343c                __libc_init_array
 *(.glue_7)
 .glue_7        0x08003484        0x0 linker stubs
 *(.glue_7t)
 .glue_7t       0x08003484        0x0 linker stubs
 *(.eh_frame)
 .eh_frame      0x08003484        0x0 C:/ST/STM32CubeIDE_1.14.1/STM32CubeIDE/plugins/com.st.stm32cube.ide.mcu.externaltools.gnu-tools-for-stm32.12.3.rel1.win32_1.1.0.202410251130/tools/bin/../lib/gcc/arm-none-eabi/12.3.1/thumb/v7e-m+fp/hard/crtbegin.o
 *(.init)
 .init          0x08003484        0x4 C:/ST/STM32CubeIDE_1.14.1/STM32CubeIDE/plugins/com.st.stm32cube.ide.mcu.externaltools.gnu-tools-for-stm32.12.3.rel1.win32_1.1.0.202410251130/tools/bin/../lib/gcc/arm-none-eabi/12.3.1/thumb/v7e-m+fp/hard/crti.o
                0x08003484                _init
 .init          0x08003488        0x8 C:/ST/STM32CubeIDE_1.14.1/STM32CubeIDE/plugins/com.st.stm32cube.ide.mcu.externaltools.gnu-tools-for-stm32.12.3.rel1.win32_1.1.0.202410251130/tools/bin/../lib/gcc/arm-none-eabi/12.3.1/thumb/v7e-m+fp/hard/crtn.o
 *(.fini)
 .fini          0x08003490        0x4 C:/ST/STM32CubeIDE_1.14.1/STM32CubeIDE/plugins/com.st.stm32cube.ide.mcu.externaltools.gnu-tools-for-stm32.12.3.rel1.win32_1.1.0.202410251130/tools/bin/../lib/gcc/arm-none-eabi/12.3.1/thumb/v7e-m+fp/hard/crti.o
                0x08003490                _fini
 .fini          0x08003494        0x8 C:/ST/STM32CubeIDE_1.14.1/STM32CubeIDE/plugins/com.st.stm32cube.ide.mcu.externaltools.gnu-tools-for-stm32.12.3.rel1.win32_1.1.0.202410251130/tools/bin/../lib/gcc/arm-none-eabi/12.3.1/thumb/v7e-m+fp/hard/crtn.o
                0x0800349c                        . = ALIGN (0x4)
                0x0800349c                        _etext = .

.vfp11_veneer   0x0800349c        0x0
 .vfp11_veneer  0x0800349c        0x0 linker stubs

.v4_bx          0x0800349c        0x0
 .v4_bx         0x0800349c        0x0 linker stubs

.iplt           0x0800349c        0x0
 .iplt          0x0800349c        0x0 C:/ST/STM32CubeIDE_1.14.1/STM32CubeIDE/plugins/com.st.stm32cube.ide.mcu.externaltools.gnu-tools-for-stm32.12.3.rel1.win32_1.1.0.202410251130/tools/bin/../lib/gcc/arm-none-eabi/12.3.1/thumb/v7e-m+fp/hard/crtbegin.o

.rodata         0x0800349c       0x48
                0x0800349c                        . = ALIGN (0x4)
 *(.rodata)
 *(.rodata*)
 .rodata.AHBPrescTable
                0x0800349c       0x10 ./Core/Src/system_stm32l4xx.o
                0x0800349c                AHBPrescTable
 .rodata.APBPrescTable
                0x080034ac        0x8 ./Core/Src/system_stm32l4xx.o
                0x080034ac                APBPrescTable
 .rodata.MSIRangeTable
                0x080034b4       0x30 ./Core/Src/system_stm32l4xx.o
                0x080034b4                MSIRangeTable
                0x080034e4                        . = ALIGN (0x4)

.ARM.extab      0x080034e4        0x0
                0x080034e4                        . = ALIGN (0x4)
 *(.ARM.extab* .gnu.linkonce.armextab.*)
                0x080034e4                        . = ALIGN (0x4)

.ARM            0x080034e4        0x8
                0x080034e4                        . = ALIGN (0x4)
                0x080034e4                        __exidx_start = .
 *(.ARM.exidx*)
 .ARM.exidx     0x080034e4        0x8 C:/ST/STM32CubeIDE_1.14.1/STM32CubeIDE/plugins/com.st.stm32cube.ide.mcu.externaltools.gnu-tools-for-stm32.12.3.rel1.win32_1.1.0.202410251130/tools/bin/../lib/gcc/arm-none-eabi/12.3.1/thumb/v7e-m+fp/hard\libgcc.a(_udivmoddi4.o)
                0x080034ec                        __exidx_end = .
                0x080034ec                        . = ALIGN (0x4)

.rel.dyn        0x080034ec        0x0
 .rel.iplt      0x080034ec        0x0 C:/ST/STM32CubeIDE_1.14.1/STM32CubeIDE/plugins/com.st.stm32cube.ide.mcu.externaltools.gnu-tools-for-stm32.12.3.rel1.win32_1.1.0.202410251130/tools/bin/../lib/gcc/arm-none-eabi/12.3.1/thumb/v7e-m+fp/hard/crtbegin.o

.preinit_array  0x080034ec        0x0
                0x080034ec                        . = ALIGN (0x4)
                0x080034ec                        PROVIDE (__preinit_array_start = .)
 *(.preinit_array*)
                0x080034ec                        PROVIDE (__preinit_array_end = .)
                0x080034ec                        . = ALIGN (0x4)

.init_array     0x080034ec        0x4
                0x080034ec                        . = ALIGN (0x4)
                0x080034ec                        PROVIDE (__init_array_start = .)
 *(SORT_BY_NAME(.init_array.*))
 *(.init_array*)
 .init_array    0x080034ec        0x4 C:/ST/STM32CubeIDE_1.14.1/STM32CubeIDE/plugins/com.st.stm32cube.ide.mcu.externaltools.gnu-tools-for-stm32.12.3.rel1.win32_1.1.0.202410251130/tools/bin/../lib/gcc/arm-none-eabi/12.3.1/thumb/v7e-m+fp/hard/crtbegin.o
                0x080034f0                        PROVIDE (__init_array_end = .)
                0x080034f0                        . = ALIGN (0x4)

.fini_array     0x080034f0        0x4
                0x080034f0                        . = ALIGN (0x4)
                [!provide]                        PROVIDE (__fini_array_start = .)
 *(SORT_BY_NAME(.fini_array.*))
 *(.fini_array*)
 .fini_array    0x080034f0        0x4 C:/ST/STM32CubeIDE_1.14.1/STM32CubeIDE/plugins/com.st.stm32cube.ide.mcu.externaltools.gnu-tools-for-stm32.12.3.rel1.win32_1.1.0.202410251130/tools/bin/../lib/gcc/arm-none-eabi/12.3.1/thumb/v7e-m+fp/hard/crtbegin.o
                [!provide]                        PROVIDE (__fini_array_end = .)
                0x080034f4                        . = ALIGN (0x4)
                0x080034f4                        _sidata = LOADADDR (.data)

.data           0x20000000        0xc load address 0x080034f4
                0x20000000                        . = ALIGN (0x4)
                0x20000000                        _sdata = .
 *(.data)
 *(.data*)
 .data.SystemCoreClock
                0x20000000        0x4 ./Core/Src/system_stm32l4xx.o
                0x20000000                SystemCoreClock
 .data.uwTickPrio
                0x20000004        0x4 ./Drivers/STM32L4xx_HAL_Driver/Src/stm32l4xx_hal.o
                0x20000004                uwTickPrio
 .data.uwTickFreq
                0x20000008        0x1 ./Drivers/STM32L4xx_HAL_Driver/Src/stm32l4xx_hal.o
                0x20000008                uwTickFreq
 *(.RamFunc)
 *(.RamFunc*)
                0x2000000c                        . = ALIGN (0x4)
 *fill*         0x20000009        0x3 
                0x2000000c                        _edata = .

.igot.plt       0x2000000c        0x0 load address 0x08003500
 .igot.plt      0x2000000c        0x0 C:/ST/STM32CubeIDE_1.14.1/STM32CubeIDE/plugins/com.st.stm32cube.ide.mcu.externaltools.gnu-tools-for-stm32.12.3.rel1.win32_1.1.0.202410251130/tools/bin/../lib/gcc/arm-none-eabi/12.3.1/thumb/v7e-m+fp/hard/crtbegin.o
                0x2000000c                        . = ALIGN (0x4)

.bss            0x2000000c       0xfc load address 0x08003500
                0x2000000c                        _sbss = .
                0x2000000c                        __bss_start__ = _sbss
 *(.bss)
 .bss           0x2000000c       0x1c C:/ST/STM32CubeIDE_1.14.1/STM32CubeIDE/plugins/com.st.stm32cube.ide.mcu.externaltools.gnu-tools-for-stm32.12.3.rel1.win32_1.1.0.202410251130/tools/bin/../lib/gcc/arm-none-eabi/12.3.1/thumb/v7e-m+fp/hard/crtbegin.o
 *(.bss*)
 .bss.hi2c1     0x20000028       0x54 ./Core/Src/main.o
                0x20000028                hi2c1
 .bss.huart2    0x2000007c       0x88 ./Core/Src/main.o
                0x2000007c                huart2
 .bss.uwTick    0x20000104        0x4 ./Drivers/STM32L4xx_HAL_Driver/Src/stm32l4xx_hal.o
                0x20000104                uwTick
 *(COMMON)
                0x20000108                        . = ALIGN (0x4)
                0x20000108                        _ebss = .
                0x20000108                        __bss_end__ = _ebss

._user_heap_stack
                0x20000108      0x600 load address 0x08003500
                0x20000108                        . = ALIGN (0x8)
                [!provide]                        PROVIDE (end = .)
                0x20000108                        PROVIDE (_end = .)
                0x20000308                        . = (. + _Min_Heap_Size)
 *fill*         0x20000108      0x200 
                0x20000708                        . = (. + _Min_Stack_Size)
 *fill*         0x20000308      0x400 
                0x20000708                        . = ALIGN (0x8)

/DISCARD/
 libc.a(*)
 libm.a(*)
 libgcc.a(*)

.ARM.attributes
                0x00000000       0x30
 *(.ARM.attributes)
 .ARM.attributes
                0x00000000       0x22 C:/ST/STM32CubeIDE_1.14.1/STM32CubeIDE/plugins/com.st.stm32cube.ide.mcu.externaltools.gnu-tools-for-stm32.12.3.rel1.win32_1.1.0.202410251130/tools/bin/../lib/gcc/arm-none-eabi/12.3.1/thumb/v7e-m+fp/hard/crti.o
 .ARM.attributes
                0x00000022       0x34 C:/ST/STM32CubeIDE_1.14.1/STM32CubeIDE/plugins/com.st.stm32cube.ide.mcu.externaltools.gnu-tools-for-stm32.12.3.rel1.win32_1.1.0.202410251130/tools/bin/../lib/gcc/arm-none-eabi/12.3.1/thumb/v7e-m+fp/hard/crtbegin.o
 .ARM.attributes
                0x00000056       0x34 ./Core/Src/main.o
 .ARM.attributes
                0x0000008a       0x34 ./Core/Src/stm32l4xx_hal_msp.o
 .ARM.attributes
                0x000000be       0x34 ./Core/Src/stm32l4xx_it.o
 .ARM.attributes
                0x000000f2       0x34 ./Core/Src/system_stm32l4xx.o
 .ARM.attributes
                0x00000126       0x21 ./Core/Startup/startup_stm32l476rgtx.o
 .ARM.attributes
                0x00000147       0x34 ./Drivers/STM32L4xx_HAL_Driver/Src/stm32l4xx_hal.o
 .ARM.attributes
                0x0000017b       0x34 ./Drivers/STM32L4xx_HAL_Driver/Src/stm32l4xx_hal_cortex.o
 .ARM.attributes
                0x000001af       0x34 ./Drivers/STM32L4xx_HAL_Driver/Src/stm32l4xx_hal_gpio.o
 .ARM.attributes
                0x000001e3       0x34 ./Drivers/STM32L4xx_HAL_Driver/Src/stm32l4xx_hal_i2c.o
 .ARM.attributes
                0x00000217       0x34 ./Drivers/STM32L4xx_HAL_Driver/Src/stm32l4xx_hal_i2c_ex.o
 .ARM.attributes
                0x0000024b       0x34 ./Drivers/STM32L4xx_HAL_Driver/Src/stm32l4xx_hal_pwr_ex.o
 .ARM.attributes
                0x0000027f       0x34 ./Drivers/STM32L4xx_HAL_Driver/Src/stm32l4xx_hal_rcc.o
 .ARM.attributes
                0x000002b3       0x34 ./Drivers/STM32L4xx_HAL_Driver/Src/stm32l4xx_hal_rcc_ex.o
 .ARM.attributes
                0x000002e7       0x34 ./Drivers/STM32L4xx_HAL_Driver/Src/stm32l4xx_hal_uart.o
 .ARM.attributes
                0x0000031b       0x34 C:/ST/STM32CubeIDE_1.14.1/STM32CubeIDE/plugins/com.st.stm32cube.ide.mcu.externaltools.gnu-tools-for-stm32.12.3.rel1.win32_1.1.0.202410251130/tools/bin/../lib/gcc/arm-none-eabi/12.3.1/../../../../arm-none-eabi/lib/thumb/v7e-m+fp/hard\libc_nano.a(libc_a-memset.o)
 .ARM.attributes
                0x0000034f       0x34 C:/ST/STM32CubeIDE_1.14.1/STM32CubeIDE/plugins/com.st.stm32cube.ide.mcu.externaltools.gnu-tools-for-stm32.12.3.rel1.win32_1.1.0.202410251130/tools/bin/../lib/gcc/arm-none-eabi/12.3.1/../../../../arm-none-eabi/lib/thumb/v7e-m+fp/hard\libc_nano.a(libc_a-init.o)
 .ARM.attributes
                0x00000383       0x22 C:/ST/STM32CubeIDE_1.14.1/STM32CubeIDE/plugins/com.st.stm32cube.ide.mcu.externaltools.gnu-tools-for-stm32.12.3.rel1.win32_1.1.0.202410251130/tools/bin/../lib/gcc/arm-none-eabi/12.3.1/thumb/v7e-m+fp/hard\libgcc.a(_aeabi_uldivmod.o)
 .ARM.attributes
                0x000003a5       0x34 C:/ST/STM32CubeIDE_1.14.1/STM32CubeIDE/plugins/com.st.stm32cube.ide.mcu.externaltools.gnu-tools-for-stm32.12.3.rel1.win32_1.1.0.202410251130/tools/bin/../lib/gcc/arm-none-eabi/12.3.1/thumb/v7e-m+fp/hard\libgcc.a(_udivmoddi4.o)
 .ARM.attributes
                0x000003d9       0x22 C:/ST/STM32CubeIDE_1.14.1/STM32CubeIDE/plugins/com.st.stm32cube.ide.mcu.externaltools.gnu-tools-for-stm32.12.3.rel1.win32_1.1.0.202410251130/tools/bin/../lib/gcc/arm-none-eabi/12.3.1/thumb/v7e-m+fp/hard\libgcc.a(_dvmd_tls.o)
 .ARM.attributes
                0x000003fb       0x22 C:/ST/STM32CubeIDE_1.14.1/STM32CubeIDE/plugins/com.st.stm32cube.ide.mcu.externaltools.gnu-tools-for-stm32.12.3.rel1.win32_1.1.0.202410251130/tools/bin/../lib/gcc/arm-none-eabi/12.3.1/thumb/v7e-m+fp/hard/crtn.o
OUTPUT(Blinky-L476RG.elf elf32-littlearm)
LOAD linker stubs
LOAD C:/ST/STM32CubeIDE_1.14.1/STM32CubeIDE/plugins/com.st.stm32cube.ide.mcu.externaltools.gnu-tools-for-stm32.12.3.rel1.win32_1.1.0.202410251130/tools/bin/../lib/gcc/arm-none-eabi/12.3.1/../../../../arm-none-eabi/lib/thumb/v7e-m+fp/hard\libc.a
LOAD C:/ST/STM32CubeIDE_1.14.1/STM32CubeIDE/plugins/com.st.stm32cube.ide.mcu.externaltools.gnu-tools-for-stm32.12.3.rel1.win32_1.1.0.202410251130/tools/bin/../lib/gcc/arm-none-eabi/12.3.1/../../../../arm-none-eabi/lib/thumb/v7e-m+fp/hard\libm.a
LOAD C:/ST/STM32CubeIDE_1.14.1/STM32CubeIDE/plugins/com.st.stm32cube.ide.mcu.externaltools.gnu-tools-for-stm32.12.3.rel1.win32_1.1.0.202410251130/tools/bin/../lib/gcc/arm-none-eabi/12.3.1/thumb/v7e-m+fp/hard\libgcc.a

.debug_info     0x00000000     0xd649
 .debug_info    0x00000000     0x1476 ./Core/Src/main.o
 .debug_info    0x00001476     0x108b ./Core/Src/stm32l4xx_hal_msp.o
 .debug_info    0x00002501      0x113 ./Core/Src/stm32l4xx_it.o
 .debug_info    0x00002614      0x5b1 ./Core/Src/system_stm32l4xx.o
 .debug_info    0x00002bc5       0x30 ./Core/Startup/startup_stm32l476rgtx.o
 .debug_info    0x00002bf5      0xc09 ./Drivers/STM32L4xx_HAL_Driver/Src/stm32l4xx_hal.o
 .debug_info    0x000037fe      0xd81 ./Drivers/STM32L4xx_HAL_Driver/Src/stm32l4xx_hal_cortex.o
 .debug_info    0x0000457f      0x757 ./Drivers/STM32L4xx_HAL_Driver/Src/stm32l4xx_hal_gpio.o
 .debug_info    0x00004cd6     0x20d2 ./Drivers/STM32L4xx_HAL_Driver/Src/stm32l4xx_hal_i2c.o
 .debug_info    0x00006da8      0x975 ./Drivers/STM32L4xx_HAL_Driver/Src/stm32l4xx_hal_i2c_ex.o
 .debug_info    0x0000771d      0x99e ./Drivers/STM32L4xx_HAL_Driver/Src/stm32l4xx_hal_pwr_ex.o
 .debug_info    0x000080bb      0xc14 ./Drivers/STM32L4xx_HAL_Driver/Src/stm32l4xx_hal_rcc.o
 .debug_info    0x00008ccf      0xe11 ./Drivers/STM32L4xx_HAL_Driver/Src/stm32l4xx_hal_rcc_ex.o
 .debug_info    0x00009ae0     0x3b69 ./Drivers/STM32L4xx_HAL_Driver/Src/stm32l4xx_hal_uart.o

.debug_abbrev   0x00000000     0x1c4c
 .debug_abbrev  0x00000000      0x336 ./Core/Src/main.o
 .debug_abbrev  0x00000336      0x1dd ./Core/Src/stm32l4xx_hal_msp.o
 .debug_abbrev  0x00000513       0x73 ./Core/Src/stm32l4xx_it.o
 .debug_abbrev  0x00000586      0x11a ./Core/Src/system_stm32l4xx.o
 .debug_abbrev  0x000006a0       0x24 ./Core/Startup/startup_stm32l476rgtx.o
 .debug_abbrev  0x000006c4      0x243 ./Drivers/STM32L4xx_HAL_Driver/Src/stm32l4xx_hal.o
 .debug_abbrev  0x00000907      0x31c ./Drivers/STM32L4xx_HAL_Driver/Src/stm32l4xx_hal_cortex.o
 .debug_abbrev  0x00000c23      0x1cb ./Drivers/STM32L4xx_HAL_Driver/Src/stm32l4xx_hal_gpio.o
 .debug_abbrev  0x00000dee      0x261 ./Drivers/STM32L4xx_HAL_Driver/Src/stm32l4xx_hal_i2c.o
 .debug_abbrev  0x0000104f      0x1c3 ./Drivers/STM32L4xx_HAL_Driver/Src/stm32l4xx_hal_i2c_ex.o
 .debug_abbrev  0x00001212      0x1f9 ./Drivers/STM32L4xx_HAL_Driver/Src/stm32l4xx_hal_pwr_ex.o
 .debug_abbrev  0x0000140b      0x2cb ./Drivers/STM32L4xx_HAL_Driver/Src/stm32l4xx_hal_rcc.o
 .debug_abbrev  0x000016d6      0x2a6 ./Drivers/STM32L4xx_HAL_Driver/Src/stm32l4xx_hal_rcc_ex.o
 .debug_abbrev  0x0000197c      0x2d0 ./Drivers/STM32L4xx_HAL_Driver/Src/stm32l4xx_hal_uart.o

.debug_aranges  0x00000000      0xc00
 .debug_aranges
                0x00000000       0xa0 ./Core/Src/main.o
 .debug_aranges
                0x000000a0       0x40 ./Core/Src/stm32l4xx_hal_msp.o
 .debug_aranges
                0x000000e0       0x60 ./Core/Src/stm32l4xx_it.o
 .debug_aranges
                0x00000140       0x28 ./Core/Src/system_stm32l4xx.o
 .debug_aranges
                0x00000168       0x28 ./Core/Startup/startup_stm32l476rgtx.o
 .debug_aranges
                0x00000190      0x130 ./Drivers/STM32L4xx_HAL_Driver/Src/stm32l4xx_hal.o
 .debug_aranges
                0x000002c0      0x128 ./Drivers/STM32L4xx_HAL_Driver/Src/stm32l4xx_hal_cortex.o
 .debug_aranges
                0x000003e8       0x58 ./Drivers/STM32L4xx_HAL_Driver/Src/stm32l4xx_hal_gpio.o
 .debug_aranges
                0x00000440      0x2a0 ./Drivers/STM32L4xx_HAL_Driver/Src/stm32l4xx_hal_i2c.o
 .debug_aranges
                0x000006e0       0x48 ./Drivers/STM32L4xx_HAL_Driver/Src/stm32l4xx_hal_i2c_ex.o
 .debug_aranges
                0x00000728      0x160 ./Drivers/STM32L4xx_HAL_Driver/Src/stm32l4xx_hal_pwr_ex.o
 .debug_aranges
                0x00000888       0x90 ./Drivers/STM32L4xx_HAL_Driver/Src/stm32l4xx_hal_rcc.o
 .debug_aranges
                0x00000918       0xc0 ./Drivers/STM32L4xx_HAL_Driver/Src/stm32l4xx_hal_rcc_ex.o
 .debug_aranges
                0x000009d8      0x228 ./Drivers/STM32L4xx_HAL_Driver/Src/stm32l4xx_hal_uart.o

.debug_rnglists
                0x00000000      0x95c
 .debug_rnglists
                0x00000000       0x7e ./Core/Src/main.o
 .debug_rnglists
                0x0000007e       0x2d ./Core/Src/stm32l4xx_hal_msp.o
 .debug_rnglists
                0x000000ab       0x43 ./Core/Src/stm32l4xx_it.o
 .debug_rnglists
                0x000000ee       0x1a ./Core/Src/system_stm32l4xx.o
 .debug_rnglists
                0x00000108       0x19 ./Core/Startup/startup_stm32l476rgtx.o
 .debug_rnglists
                0x00000121       0xdf ./Drivers/STM32L4xx_HAL_Driver/Src/stm32l4xx_hal.o
 .debug_rnglists
                0x00000200       0xda ./Drivers/STM32L4xx_HAL_Driver/Src/stm32l4xx_hal_cortex.o
 .debug_rnglists
                0x000002da       0x3f ./Drivers/STM32L4xx_HAL_Driver/Src/stm32l4xx_hal_gpio.o
 .debug_rnglists
                0x00000319      0x228 ./Drivers/STM32L4xx_HAL_Driver/Src/stm32l4xx_hal_i2c.o
 .debug_rnglists
                0x00000541       0x35 ./Drivers/STM32L4xx_HAL_Driver/Src/stm32l4xx_hal_i2c_ex.o
 .debug_rnglists
                0x00000576      0x109 ./Drivers/STM32L4xx_HAL_Driver/Src/stm32l4xx_hal_pwr_ex.o
 .debug_rnglists
                0x0000067f       0x6d ./Drivers/STM32L4xx_HAL_Driver/Src/stm32l4xx_hal_rcc.o
 .debug_rnglists
                0x000006ec       0x95 ./Drivers/STM32L4xx_HAL_Driver/Src/stm32l4xx_hal_rcc_ex.o
 .debug_rnglists
                0x00000781      0x1db ./Drivers/STM32L4xx_HAL_Driver/Src/stm32l4xx_hal_uart.o

.debug_macro    0x00000000    0x25fc2
 .debug_macro   0x00000000      0x2dc ./Core/Src/main.o
 .debug_macro   0x000002dc      0xab4 ./Core/Src/main.o
 .debug_macro   0x00000d90      0x1a7 ./Core/Src/main.o
 .debug_macro   0x00000f37       0x2e ./Core/Src/main.o
 .debug_macro   0x00000f65       0x28 ./Core/Src/main.o
 .debug_macro   0x00000f8d       0x22 ./Core/Src/main.o
 .debug_macro   0x00000faf       0x8e ./Core/Src/main.o
 .debug_macro   0x0000103d       0x51 ./Core/Src/main.o
 .debug_macro   0x0000108e      0x103 ./Core/Src/main.o
 .debug_macro   0x00001191       0x6a ./Core/Src/main.o
 .debug_macro   0x000011fb      0x1df ./Core/Src/main.o
 .debug_macro   0x000013da       0x1c ./Core/Src/main.o
 .debug_macro   0x000013f6       0x22 ./Core/Src/main.o
 .debug_macro   0x00001418       0xfb ./Core/Src/main.o
 .debug_macro   0x00001513     0x1011 ./Core/Src/main.o
 .debug_macro   0x00002524      0x11f ./Core/Src/main.o
 .debug_macro   0x00002643    0x1a17a ./Core/Src/main.o
 .debug_macro   0x0001c7bd       0x6d ./Core/Src/main.o
 .debug_macro   0x0001c82a     0x38fb ./Core/Src/main.o
 .debug_macro   0x00020125      0x189 ./Core/Src/main.o
 .debug_macro   0x000202ae       0x5c ./Core/Src/main.o
 .debug_macro   0x0002030a     0x159e ./Core/Src/main.o
 .debug_macro   0x000218a8      0x5a5 ./Core/Src/main.o
 .debug_macro   0x00021e4d      0x1b9 ./Core/Src/main.o
 .debug_macro   0x00022006      0x18b ./Core/Src/main.o
 .debug_macro   0x00022191      0x26b ./Core/Src/main.o
 .debug_macro   0x000223fc      0x23d ./Core/Src/main.o
 .debug_macro   0x00022639      0x241 ./Core/Src/main.o
 .debug_macro   0x0002287a      0x37c ./Core/Src/main.o
 .debug_macro   0x00022bf6       0xd6 ./Core/Src/main.o
 .debug_macro   0x00022ccc      0x22c ./Core/Src/main.o
 .debug_macro   0x00022ef8       0x61 ./Core/Src/main.o
 .debug_macro   0x00022f59       0xa5 ./Core/Src/main.o
 .debug_macro   0x00022ffe      0x122 ./Core/Src/main.o
 .debug_macro   0x00023120      0x3ef ./Core/Src/main.o
 .debug_macro   0x0002350f      0x5cf ./Core/Src/main.o
 .debug_macro   0x00023ade       0x44 ./Core/Src/main.o
 .debug_macro   0x00023b22      0x330 ./Core/Src/main.o
 .debug_macro   0x00023e52       0xa0 ./Core/Src/main.o
 .debug_macro   0x00023ef2       0x61 ./Core/Src/main.o
 .debug_macro   0x00023f53       0x2a ./Core/Src/main.o
 .debug_macro   0x00023f7d       0x43 ./Core/Src/main.o
 .debug_macro   0x00023fc0       0x34 ./Core/Src/main.o
 .debug_macro   0x00023ff4       0x16 ./Core/Src/main.o
 .debug_macro   0x0002400a       0x35 ./Core/Src/main.o
 .debug_macro   0x0002403f      0x369 ./Core/Src/main.o
 .debug_macro   0x000243a8       0x10 ./Core/Src/main.o
 .debug_macro   0x000243b8       0x16 ./Core/Src/main.o
 .debug_macro   0x000243ce       0x43 ./Core/Src/main.o
 .debug_macro   0x00024411       0x34 ./Core/Src/main.o
 .debug_macro   0x00024445       0x10 ./Core/Src/main.o
 .debug_macro   0x00024455       0x58 ./Core/Src/main.o
 .debug_macro   0x000244ad       0x8e ./Core/Src/main.o
 .debug_macro   0x0002453b       0x1c ./Core/Src/main.o
 .debug_macro   0x00024557      0x177 ./Core/Src/main.o
 .debug_macro   0x000246ce       0x16 ./Core/Src/main.o
 .debug_macro   0x000246e4       0x16 ./Core/Src/main.o
 .debug_macro   0x000246fa      0x146 ./Core/Src/main.o
 .debug_macro   0x00024840       0x16 ./Core/Src/main.o
 .debug_macro   0x00024856       0x20 ./Core/Src/main.o
 .debug_macro   0x00024876      0x1d4 ./Core/Src/stm32l4xx_hal_msp.o
 .debug_macro   0x00024a4a      0x1de ./Core/Src/stm32l4xx_it.o
 .debug_macro   0x00024c28      0x1c5 ./Core/Src/system_stm32l4xx.o
 .debug_macro   0x00024ded      0x213 ./Drivers/STM32L4xx_HAL_Driver/Src/stm32l4xx_hal.o
 .debug_macro   0x00025000      0x1c5 ./Drivers/STM32L4xx_HAL_Driver/Src/stm32l4xx_hal_cortex.o
 .debug_macro   0x000251c5      0x1cc ./Drivers/STM32L4xx_HAL_Driver/Src/stm32l4xx_hal_gpio.o
 .debug_macro   0x00025391      0x291 ./Drivers/STM32L4xx_HAL_Driver/Src/stm32l4xx_hal_i2c.o
 .debug_macro   0x00025622      0x1c5 ./Drivers/STM32L4xx_HAL_Driver/Src/stm32l4xx_hal_i2c_ex.o
 .debug_macro   0x000257e7      0x1e9 ./Drivers/STM32L4xx_HAL_Driver/Src/stm32l4xx_hal_pwr_ex.o
 .debug_macro   0x000259d0      0x207 ./Drivers/STM32L4xx_HAL_Driver/Src/stm32l4xx_hal_rcc.o
 .debug_macro   0x00025bd7      0x1fb ./Drivers/STM32L4xx_HAL_Driver/Src/stm32l4xx_hal_rcc_ex.o
 .debug_macro   0x00025dd2      0x1f0 ./Drivers/STM32L4xx_HAL_Driver/Src/stm32l4xx_hal_uart.o

.debug_line     0x00000000     0xf0f3
 .debug_line    0x00000000      0xc46 ./Core/Src/main.o
 .debug_line    0x00000c46      0x809 ./Core/Src/stm32l4xx_hal_msp.o
 .debug_line    0x0000144f      0x80a ./Core/Src/stm32l4xx_it.o
 .debug_line    0x00001c59      0x7e2 ./Core/Src/system_stm32l4xx.o
 .debug_line    0x0000243b       0x7a ./Core/Startup/startup_stm32l476rgtx.o
 .debug_line    0x000024b5      0xb3e ./Drivers/STM32L4xx_HAL_Driver/Src/stm32l4xx_hal.o
 .debug_line    0x00002ff3      0xd06 ./Drivers/STM32L4xx_HAL_Driver/Src/stm32l4xx_hal_cortex.o
 .debug_line    0x00003cf9      0xbc9 ./Drivers/STM32L4xx_HAL_Driver/Src/stm32l4xx_hal_gpio.o
 .debug_line    0x000048c2     0x3a70 ./Drivers/STM32L4xx_HAL_Driver/Src/stm32l4xx_hal_i2c.o
 .debug_line    0x00008332      0x965 ./Drivers/STM32L4xx_HAL_Driver/Src/stm32l4xx_hal_i2c_ex.o
 .debug_line    0x00008c97      0xd2f ./Drivers/STM32L4xx_HAL_Driver/Src/stm32l4xx_hal_pwr_ex.o
 .debug_line    0x000099c6      0xfb6 ./Drivers/STM32L4xx_HAL_Driver/Src/stm32l4xx_hal_rcc.o
 .debug_line    0x0000a97c     0x1528 ./Drivers/STM32L4xx_HAL_Driver/Src/stm32l4xx_hal_rcc_ex.o
 .debug_line    0x0000bea4     0x324f ./Drivers/STM32L4xx_HAL_Driver/Src/stm32l4xx_hal_uart.o

.debug_str      0x00000000    0xea4d1
 .debug_str     0x00000000    0xe6d17 ./Core/Src/main.o
                              0xe70e3 (size before relaxing)
 .debug_str     0x000e6d17      0x301 ./Core/Src/stm32l4xx_hal_msp.o
                              0xe386b (size before relaxing)
 .debug_str     0x000e7018       0xc9 ./Core/Src/stm32l4xx_it.o
                              0xe2d2d (size before relaxing)
 .debug_str     0x000e70e1       0xf2 ./Core/Src/system_stm32l4xx.o
                              0xe2c67 (size before relaxing)
 .debug_str     0x000e71d3       0x44 ./Core/Startup/startup_stm32l476rgtx.o
                                 0x85 (size before relaxing)
 .debug_str     0x000e7217      0xaf9 ./Drivers/STM32L4xx_HAL_Driver/Src/stm32l4xx_hal.o
                              0xe3866 (size before relaxing)
 .debug_str     0x000e7d10      0x37c ./Drivers/STM32L4xx_HAL_Driver/Src/stm32l4xx_hal_cortex.o
                              0xe34e0 (size before relaxing)
 .debug_str     0x000e808c       0xdf ./Drivers/STM32L4xx_HAL_Driver/Src/stm32l4xx_hal_gpio.o
                              0xe2de0 (size before relaxing)
 .debug_str     0x000e816b      0xe05 ./Drivers/STM32L4xx_HAL_Driver/Src/stm32l4xx_hal_i2c.o
                              0xe3e68 (size before relaxing)
 .debug_str     0x000e8f70       0xb8 ./Drivers/STM32L4xx_HAL_Driver/Src/stm32l4xx_hal_i2c_ex.o
                              0xe3174 (size before relaxing)
 .debug_str     0x000e9028      0x4e3 ./Drivers/STM32L4xx_HAL_Driver/Src/stm32l4xx_hal_pwr_ex.o
                              0xe31c2 (size before relaxing)
 .debug_str     0x000e950b      0x33a ./Drivers/STM32L4xx_HAL_Driver/Src/stm32l4xx_hal_rcc.o
                              0xe32ad (size before relaxing)
 .debug_str     0x000e9845      0x3bf ./Drivers/STM32L4xx_HAL_Driver/Src/stm32l4xx_hal_rcc_ex.o
                              0xe3426 (size before relaxing)
 .debug_str     0x000e9c04      0x8cd ./Drivers/STM32L4xx_HAL_Driver/Src/stm32l4xx_hal_uart.o
                              0xe39bf (size before relaxing)

.comment        0x00000000       0x43
 .comment       0x00000000       0x43 ./Core/Src/main.o
                                 0x44 (size before relaxing)
 .comment       0x00000043       0x44 ./Core/Src/stm32l4xx_hal_msp.o
 .comment       0x00000043       0x44 ./Core/Src/stm32l4xx_it.o
 .comment       0x00000043       0x44 ./Core/Src/system_stm32l4xx.o
 .comment       0x00000043       0x44 ./Drivers/STM32L4xx_HAL_Driver/Src/stm32l4xx_hal.o
 .comment       0x00000043       0x44 ./Drivers/STM32L4xx_HAL_Driver/Src/stm32l4xx_hal_cortex.o
 .comment       0x00000043       0x44 ./Drivers/STM32L4xx_HAL_Driver/Src/stm32l4xx_hal_gpio.o
 .comment       0x00000043       0x44 ./Drivers/STM32L4xx_HAL_Driver/Src/stm32l4xx_hal_i2c.o
 .comment       0x00000043       0x44 ./Drivers/STM32L4xx_HAL_Driver/Src/stm32l4xx_hal_i2c_ex.o
 .comment       0x00000043       0x44 ./Drivers/STM32L4xx_HAL_Driver/Src/stm32l4xx_hal_pwr_ex.o
 .comment       0x00000043       0x44 ./Drivers/STM32L4xx_HAL_Driver/Src/stm32l4xx_hal_rcc.o
 .comment       0x00000043       0x44 ./Drivers/STM32L4xx_HAL_Driver/Src/stm32l4xx_hal_rcc_ex.o
 .comment       0x00000043       0x44 ./Drivers/STM32L4xx_HAL_Driver/Src/stm32l4xx_hal_uart.o

.debug_frame    0x00000000     0x31c8
 .debug_frame   0x00000000      0x25c ./Core/Src/main.o
 .debug_frame   0x0000025c       0xd0 ./Core/Src/stm32l4xx_hal_msp.o
 .debug_frame   0x0000032c      0x104 ./Core/Src/stm32l4xx_it.o
 .debug_frame   0x00000430       0x58 ./Core/Src/system_stm32l4xx.o
 .debug_frame   0x00000488      0x498 ./Drivers/STM32L4xx_HAL_Driver/Src/stm32l4xx_hal.o
 .debug_frame   0x00000920      0x4e8 ./Drivers/STM32L4xx_HAL_Driver/Src/stm32l4xx_hal_cortex.o
 .debug_frame   0x00000e08      0x14c ./Drivers/STM32L4xx_HAL_Driver/Src/stm32l4xx_hal_gpio.o
 .debug_frame   0x00000f54      0xc38 ./Drivers/STM32L4xx_HAL_Driver/Src/stm32l4xx_hal_i2c.o
 .debug_frame   0x00001b8c      0x100 ./Drivers/STM32L4xx_HAL_Driver/Src/stm32l4xx_hal_i2c_ex.o
 .debug_frame   0x00001c8c      0x584 ./Drivers/STM32L4xx_HAL_Driver/Src/stm32l4xx_hal_pwr_ex.o
 .debug_frame   0x00002210      0x21c ./Drivers/STM32L4xx_HAL_Driver/Src/stm32l4xx_hal_rcc.o
 .debug_frame   0x0000242c      0x2fc ./Drivers/STM32L4xx_HAL_Driver/Src/stm32l4xx_hal_rcc_ex.o
 .debug_frame   0x00002728      0x9f4 ./Drivers/STM32L4xx_HAL_Driver/Src/stm32l4xx_hal_uart.o
 .debug_frame   0x0000311c       0x20 C:/ST/STM32CubeIDE_1.14.1/STM32CubeIDE/plugins/com.st.stm32cube.ide.mcu.externaltools.gnu-tools-for-stm32.12.3.rel1.win32_1.1.0.202410251130/tools/bin/../lib/gcc/arm-none-eabi/12.3.1/../../../../arm-none-eabi/lib/thumb/v7e-m+fp/hard\libc_nano.a(libc_a-memset.o)
 .debug_frame   0x0000313c       0x2c C:/ST/STM32CubeIDE_1.14.1/STM32CubeIDE/plugins/com.st.stm32cube.ide.mcu.externaltools.gnu-tools-for-stm32.12.3.rel1.win32_1.1.0.202410251130/tools/bin/../lib/gcc/arm-none-eabi/12.3.1/../../../../arm-none-eabi/lib/thumb/v7e-m+fp/hard\libc_nano.a(libc_a-init.o)
 .debug_frame   0x00003168       0x2c C:/ST/STM32CubeIDE_1.14.1/STM32CubeIDE/plugins/com.st.stm32cube.ide.mcu.externaltools.gnu-tools-for-stm32.12.3.rel1.win32_1.1.0.202410251130/tools/bin/../lib/gcc/arm-none-eabi/12.3.1/thumb/v7e-m+fp/hard\libgcc.a(_aeabi_uldivmod.o)
 .debug_frame   0x00003194       0x34 C:/ST/STM32CubeIDE_1.14.1/STM32CubeIDE/plugins/com.st.stm32cube.ide.mcu.externaltools.gnu-tools-for-stm32.12.3.rel1.win32_1.1.0.202410251130/tools/bin/../lib/gcc/arm-none-eabi/12.3.1/thumb/v7e-m+fp/hard\libgcc.a(_udivmoddi4.o)

.debug_line_str
                0x00000000       0x69
 .debug_line_str
                0x00000000       0x69 ./Core/Startup/startup_stm32l476rgtx.o
